// Jest Snapshot v1, https://goo.gl/fbAQLP

exports[`Spinner component renders without crashing 1`] = `"<div class=\\"css-yprxax-StyledSpinnerContainer e17lx80j1\\"><div class=\\"css-yu1mjb-ThemedStyledSpinner e17lx80j0 \\"></div><div data-testid=\\"stMarkdownContainer\\" class=\\"css-1o5mqjl-StyledStreamlitMarkdown e16nr0p30\\"><p>Loading...</p></div></div>"`;
